rm -f LICENSE.html boot.bif boot.bin boot.dfu boot.frm legal-info-377a-dirty.tar.gz pluto.dfu pluto.frm pluto.frm.md5 pluto.itb plutosdr-fw-377a-dirty plutosdr-fw-377a-dirty.zip plutosdr-jtag-bootstrap-377a-dirty.zip ps7_init.c ps7_init.h ps7_init.html ps7_init.tcl ps7_init_gpl.c ps7_init_gpl.h rootfs.cpio.gz sdk system_top.bit system_top.xsa u-boot.elf uboot-env.bin uboot-env.dfu uboot-env.txt zImage zynq-pluto-sdr-maiasdr.dtb zynq-pluto-sdr-revb-maiasdr.dtb zynq-pluto-sdr-revc-maiasdr.dtb
rm -rf build/*
make -C buildroot ARCH=arm zynq_pluto_defconfig
make[1]: Entering directory '/hdl/plutosdr-fw/buildroot'
#
# configuration written to /hdl/plutosdr-fw/buildroot/.config
#
make[1]: Leaving directory '/hdl/plutosdr-fw/buildroot'
make -C buildroot toolchain
make[1]: Entering directory '/hdl/plutosdr-fw/buildroot'
/usr/bin/make -j1 O=/hdl/plutosdr-fw/buildroot/output HOSTCC="/usr/bin/gcc" HOSTCXX="/usr/bin/g++" syncconfig
make[2]: Entering directory '/hdl/plutosdr-fw/buildroot'
make[2]: Leaving directory '/hdl/plutosdr-fw/buildroot'
make[1]: Leaving directory '/hdl/plutosdr-fw/buildroot'
PATH="/hdl/plutosdr-fw/buildroot/output/host/bin:/hdl/plutosdr-fw/buildroot/output/host/sbin:/usr/local/sbin:/usr/local/bin:/usr/sbin/:/usr/bin:/sbin:/bin:/opt/gcc-arm-linux-gnueabi/bin:/opt/rust/bin:/opt/Xilinx/Vitis_HLS/2023.2/bin:/opt/Xilinx/Vivado/2023.2/bin:/opt/Xilinx/Vitis/2023.2/bin:/opt/Xilinx/Vitis/2023.2/gnu/microblaze/lin/bin:/opt/Xilinx/Vitis/2023.2/gnu/microblaze/linux_toolchain/lin64_le/bin:/opt/Xilinx/Vitis/2023.2/gnu/aarch32/lin/gcc-arm-linux-gnueabi/bin:/opt/Xilinx/Vitis/2023.2/gnu/aarch32/lin/gcc-arm-none-eabi/bin:/opt/Xilinx/Vitis/2023.2/gnu/aarch64/lin/aarch64-linux/bin:/opt/Xilinx/Vitis/2023.2/gnu/aarch64/lin/aarch64-none/bin:/opt/Xilinx/Vitis/2023.2/gnu/armr5/lin/gcc-arm-none-eabi/bin:/opt/Xilinx/Vitis/2023.2/tps/lnx64/cmake-3.3.2/bin:/opt/Xilinx/Vitis/2023.2/aietools/bin:/opt/Xilinx/Vitis/2023.2/gnu/riscv/lin/riscv64-unknown-elf/bin:/usr/local/sbin:/usr/local/bin:/usr/sbin:/usr/bin:/sbin:/bin:/opt/oss-cad-suite/bin" make -C u-boot-xlnx ARCH=arm CROSS_COMPILE=arm-linux-gnueabihf- zynq_pluto_defconfig
make[1]: Entering directory '/hdl/plutosdr-fw/u-boot-xlnx'
#
# configuration written to .config
#
make[1]: Leaving directory '/hdl/plutosdr-fw/u-boot-xlnx'
PATH="/hdl/plutosdr-fw/buildroot/output/host/bin:/hdl/plutosdr-fw/buildroot/output/host/sbin:/usr/local/sbin:/usr/local/bin:/usr/sbin/:/usr/bin:/sbin:/bin:/opt/gcc-arm-linux-gnueabi/bin:/opt/rust/bin:/opt/Xilinx/Vitis_HLS/2023.2/bin:/opt/Xilinx/Vivado/2023.2/bin:/opt/Xilinx/Vitis/2023.2/bin:/opt/Xilinx/Vitis/2023.2/gnu/microblaze/lin/bin:/opt/Xilinx/Vitis/2023.2/gnu/microblaze/linux_toolchain/lin64_le/bin:/opt/Xilinx/Vitis/2023.2/gnu/aarch32/lin/gcc-arm-linux-gnueabi/bin:/opt/Xilinx/Vitis/2023.2/gnu/aarch32/lin/gcc-arm-none-eabi/bin:/opt/Xilinx/Vitis/2023.2/gnu/aarch64/lin/aarch64-linux/bin:/opt/Xilinx/Vitis/2023.2/gnu/aarch64/lin/aarch64-none/bin:/opt/Xilinx/Vitis/2023.2/gnu/armr5/lin/gcc-arm-none-eabi/bin:/opt/Xilinx/Vitis/2023.2/tps/lnx64/cmake-3.3.2/bin:/opt/Xilinx/Vitis/2023.2/aietools/bin:/opt/Xilinx/Vitis/2023.2/gnu/riscv/lin/riscv64-unknown-elf/bin:/usr/local/sbin:/usr/local/bin:/usr/sbin:/usr/bin:/sbin:/bin:/opt/oss-cad-suite/bin" make -C u-boot-xlnx ARCH=arm CROSS_COMPILE=arm-linux-gnueabihf- UBOOTVERSION="PlutoSDR v0.20-PlutoSDR"
make[1]: Entering directory '/hdl/plutosdr-fw/u-boot-xlnx'
scripts/kconfig/conf  --silentoldconfig Kconfig
  CHK     include/config.h
  GEN     include/autoconf.mk
  GEN     include/autoconf.mk.dep
  GEN     spl/include/autoconf.mk
  CHK     include/config/uboot.release
  CHK     include/generated/version_autogenerated.h
  CHK     include/generated/timestamp_autogenerated.h
  UPD     include/generated/timestamp_autogenerated.h
  CC      lib/asm-offsets.s
  CHK     include/generated/generic-asm-offsets.h
  CC      arch/arm/lib/asm-offsets.s
  CHK     include/generated/asm-offsets.h
  HOSTCC  tools/mkenvimage.o
  HOSTLD  tools/mkenvimage
  HOSTCC  tools/fit_image.o
  HOSTCC  tools/image-host.o
  HOSTCC  tools/dumpimage.o
  HOSTLD  tools/dumpimage
/usr/bin/ld: skipping incompatible /hdl/plutosdr-fw/buildroot/output/host/bin/../arm-buildroot-linux-gnueabihf/sysroot/usr/lib/libssl.so when searching for -lssl
/usr/bin/ld: skipping incompatible /hdl/plutosdr-fw/buildroot/output/host/bin/../arm-buildroot-linux-gnueabihf/sysroot/usr/lib/libssl.a when searching for -lssl
/usr/bin/ld: skipping incompatible /hdl/plutosdr-fw/buildroot/output/host/bin/../arm-buildroot-linux-gnueabihf/sysroot/usr/lib/libcrypto.so when searching for -lcrypto
/usr/bin/ld: skipping incompatible /hdl/plutosdr-fw/buildroot/output/host/bin/../arm-buildroot-linux-gnueabihf/sysroot/usr/lib/libcrypto.a when searching for -lcrypto
/usr/bin/ld: skipping incompatible /hdl/plutosdr-fw/buildroot/output/host/bin/../arm-buildroot-linux-gnueabihf/sysroot/usr/lib/libc.so when searching for -lc
/usr/bin/ld: skipping incompatible /hdl/plutosdr-fw/buildroot/output/host/bin/../arm-buildroot-linux-gnueabihf/sysroot/usr/lib/libc.a when searching for -lc
  HOSTCC  tools/mkimage.o
  HOSTLD  tools/mkimage
/usr/bin/ld: skipping incompatible /hdl/plutosdr-fw/buildroot/output/host/bin/../arm-buildroot-linux-gnueabihf/sysroot/usr/lib/libssl.so when searching for -lssl
/usr/bin/ld: skipping incompatible /hdl/plutosdr-fw/buildroot/output/host/bin/../arm-buildroot-linux-gnueabihf/sysroot/usr/lib/libssl.a when searching for -lssl
/usr/bin/ld: skipping incompatible /hdl/plutosdr-fw/buildroot/output/host/bin/../arm-buildroot-linux-gnueabihf/sysroot/usr/lib/libcrypto.so when searching for -lcrypto
/usr/bin/ld: skipping incompatible /hdl/plutosdr-fw/buildroot/output/host/bin/../arm-buildroot-linux-gnueabihf/sysroot/usr/lib/libcrypto.a when searching for -lcrypto
/usr/bin/ld: skipping incompatible /hdl/plutosdr-fw/buildroot/output/host/bin/../arm-buildroot-linux-gnueabihf/sysroot/usr/lib/libc.so when searching for -lc
/usr/bin/ld: skipping incompatible /hdl/plutosdr-fw/buildroot/output/host/bin/../arm-buildroot-linux-gnueabihf/sysroot/usr/lib/libc.a when searching for -lc
  HOSTLD  tools/fit_info
/usr/bin/ld: skipping incompatible /hdl/plutosdr-fw/buildroot/output/host/bin/../arm-buildroot-linux-gnueabihf/sysroot/usr/lib/libssl.so when searching for -lssl
/usr/bin/ld: skipping incompatible /hdl/plutosdr-fw/buildroot/output/host/bin/../arm-buildroot-linux-gnueabihf/sysroot/usr/lib/libssl.a when searching for -lssl
/usr/bin/ld: skipping incompatible /hdl/plutosdr-fw/buildroot/output/host/bin/../arm-buildroot-linux-gnueabihf/sysroot/usr/lib/libcrypto.so when searching for -lcrypto
/usr/bin/ld: skipping incompatible /hdl/plutosdr-fw/buildroot/output/host/bin/../arm-buildroot-linux-gnueabihf/sysroot/usr/lib/libcrypto.a when searching for -lcrypto
/usr/bin/ld: skipping incompatible /hdl/plutosdr-fw/buildroot/output/host/bin/../arm-buildroot-linux-gnueabihf/sysroot/usr/lib/libc.so when searching for -lc
/usr/bin/ld: skipping incompatible /hdl/plutosdr-fw/buildroot/output/host/bin/../arm-buildroot-linux-gnueabihf/sysroot/usr/lib/libc.a when searching for -lc
  HOSTLD  tools/fit_check_sign
/usr/bin/ld: skipping incompatible /hdl/plutosdr-fw/buildroot/output/host/bin/../arm-buildroot-linux-gnueabihf/sysroot/usr/lib/libssl.so when searching for -lssl
/usr/bin/ld: skipping incompatible /hdl/plutosdr-fw/buildroot/output/host/bin/../arm-buildroot-linux-gnueabihf/sysroot/usr/lib/libssl.a when searching for -lssl
/usr/bin/ld: skipping incompatible /hdl/plutosdr-fw/buildroot/output/host/bin/../arm-buildroot-linux-gnueabihf/sysroot/usr/lib/libcrypto.so when searching for -lcrypto
/usr/bin/ld: skipping incompatible /hdl/plutosdr-fw/buildroot/output/host/bin/../arm-buildroot-linux-gnueabihf/sysroot/usr/lib/libcrypto.a when searching for -lcrypto
/usr/bin/ld: skipping incompatible /hdl/plutosdr-fw/buildroot/output/host/bin/../arm-buildroot-linux-gnueabihf/sysroot/usr/lib/libc.so when searching for -lc
/usr/bin/ld: skipping incompatible /hdl/plutosdr-fw/buildroot/output/host/bin/../arm-buildroot-linux-gnueabihf/sysroot/usr/lib/libc.a when searching for -lc
  CC      arch/arm/cpu/armv7/cache_v7.o
  CC      arch/arm/cpu/armv7/cpu.o
  CC      arch/arm/cpu/armv7/cp15.o
  CC      arch/arm/cpu/armv7/syslib.o
  LD      arch/arm/cpu/armv7/built-in.o
  CC      arch/arm/lib/bootm-fdt.o
  CC      arch/arm/lib/bootm.o
  CC      arch/arm/lib/sections.o
  CC      arch/arm/lib/stack.o
  CC      arch/arm/lib/interrupts.o
  CC      arch/arm/lib/reset.o
  CC      arch/arm/lib/cache.o
  CC      arch/arm/lib/cache-cp15.o
  LD      arch/arm/lib/built-in.o
  CC      arch/arm/lib/div0.o
  AR      arch/arm/lib/lib.a
  CC      arch/arm/lib/eabi_compat.o
  CC      arch/arm/mach-zynq/timer.o
  CC      arch/arm/mach-zynq/cpu.o
  CC      arch/arm/mach-zynq/ddrc.o
  CC      arch/arm/mach-zynq/slcr.o
  CC      arch/arm/mach-zynq/clk.o
  LD      arch/arm/mach-zynq/built-in.o
  CC      board/xilinx/zynq/board.o
  LD      board/xilinx/zynq/built-in.o
  CC      cmd/boot.o
  CC      cmd/bootm.o
  CC      cmd/help.o
  CC      cmd/version.o
  CC      cmd/xadcps.o
  CC      cmd/source.o
  CC      cmd/bdinfo.o
  CC      cmd/bootefi.o
  CC      cmd/cache.o
  CC      cmd/clk.o
  CC      cmd/console.o
  CC      cmd/echo.o
  CC      cmd/eeprom.o
  CC      cmd/elf.o
  CC      cmd/exit.o
  CC      cmd/ext4.o
  CC      cmd/ext2.o
  CC      cmd/fat.o
  CC      cmd/fdt.o
  CC      cmd/fpga.o
  CC      cmd/fs.o
  CC      cmd/gpio.o
  CC      cmd/itest.o
  CC      cmd/load.o
  CC      cmd/mem.o
  CC      cmd/misc.o
  CC      cmd/pcmcia.o
  CC      cmd/sf.o
  CC      cmd/spi.o
  CC      cmd/test.o
  CC      cmd/usb.o
  CC      cmd/thordown.o
  CC      cmd/spl.o
  CC      cmd/dfu.o
  CC      cmd/nvedit.o
  CC      cmd/disk.o
  LD      cmd/built-in.o
  CC      common/init/board_init.o
  LD      common/init/built-in.o
  CC      common/main.o
  CC      common/exports.o
  CC      common/hash.o
  CC      common/cli_hush.o
  CC      common/autoboot.o
  CC      common/board_f.o
  CC      common/board_r.o
  CC      common/board_info.o
  CC      common/bootm.o
  CC      common/bootm_os.o
  CC      common/env_attr.o
  CC      common/env_callback.o
  CC      common/env_flags.o
  CC      common/env_sf.o
  CC      common/fdt_support.o
  CC      common/usb.o
  CC      common/usb_hub.o
  CC      common/usb_storage.o
  CC      common/flash.o
  CC      common/splash.o
  CC      common/env_common.o
cc1: warning: unknown escape sequence: '\>'
  CC      common/console.o
  CC      common/dlmalloc.o
  CC      common/malloc_simple.o
  CC      common/image.o
common/image.c: In function 'boot_get_fpga':
common/image.c:1229:15: warning: unused variable 'desc_xilinx' [-Wunused-variable]
  xilinx_desc *desc_xilinx = desc->devdesc;
               ^~~~~~~~~~~
  CC      common/image-fdt.o
  CC      common/image-fit.o
  CC      common/image-sig.o
  CC      common/memsize.o
  CC      common/stdio.o
  CC      common/cli_simple.o
  CC      common/cli.o
  CC      common/cli_readline.o
  CC      common/dfu.o
  CC      common/command.o
  CC      common/s_record.o
  CC      common/xyzModem.o
  LD      common/built-in.o
  CC      disk/part.o
  LD      disk/built-in.o
  CC      drivers/block/blk_legacy.o
  LD      drivers/block/built-in.o
  CC      drivers/core/device.o
  CC      drivers/core/lists.o
  CC      drivers/core/root.o
  CC      drivers/core/uclass.o
  CC      drivers/core/util.o
  CC      drivers/core/device-remove.o
  CC      drivers/core/simple-bus.o
  CC      drivers/core/dump.o
  LD      drivers/core/built-in.o
  CC      drivers/crypto/fsl/sec.o
  LD      drivers/crypto/fsl/built-in.o
  CC      drivers/crypto/rsa_mod_exp/mod_exp_uclass.o
  CC      drivers/crypto/rsa_mod_exp/mod_exp_sw.o
  LD      drivers/crypto/rsa_mod_exp/built-in.o
  LD      drivers/crypto/built-in.o
  CC      drivers/dfu/dfu.o
  CC      drivers/dfu/dfu_ram.o
  CC      drivers/dfu/dfu_sf.o
  LD      drivers/dfu/built-in.o
  CC      drivers/fpga/fpga.o
  CC      drivers/fpga/zynqpl.o
  CC      drivers/fpga/xilinx.o
  LD      drivers/fpga/built-in.o
  CC      drivers/input/input.o
  CC      drivers/input/key_matrix.o
  LD      drivers/input/built-in.o
  CC      drivers/led/led-uclass.o
  CC      drivers/led/led_gpio.o
  LD      drivers/led/built-in.o
  CC      drivers/pcmcia/tqm8xx_pcmcia.o
  LD      drivers/pcmcia/built-in.o
  CC      drivers/rtc/date.o
  LD      drivers/rtc/built-in.o
  LD      drivers/built-in.o
  CC      drivers/gpio/gpio-uclass.o
  CC      drivers/gpio/zynq_gpio.o
  LD      drivers/gpio/built-in.o
  CC      drivers/i2c/i2c_core.o
  CC      drivers/i2c/zynq_i2c.o
  LD      drivers/i2c/built-in.o
  CC      drivers/mtd/mtdcore.o
  CC      drivers/mtd/mtd_uboot.o
  LD      drivers/mtd/built-in.o
  CC      drivers/mtd/spi/sf-uclass.o
  CC      drivers/mtd/spi/sf_probe.o
  CC      drivers/mtd/spi/spi_flash.o
  CC      drivers/mtd/spi/sf_params.o
  CC      drivers/mtd/spi/sf.o
  LD      drivers/mtd/spi/built-in.o
  CC      drivers/serial/serial-uclass.o
  CC      drivers/serial/arm_dcc.o
  CC      drivers/serial/serial_zynq.o
  LD      drivers/serial/built-in.o
  CC      drivers/spi/spi-uclass.o
  CC      drivers/spi/zynq_qspi.o
  LD      drivers/spi/built-in.o
  CC      drivers/usb/gadget/epautoconf.o
  CC      drivers/usb/gadget/config.o
  CC      drivers/usb/gadget/usbstring.o
  CC      drivers/usb/gadget/ci_udc.o
  CC      drivers/usb/gadget/g_dnl.o
  CC      drivers/usb/gadget/f_thor.o
  CC      drivers/usb/gadget/f_dfu.o
  LD      drivers/usb/gadget/built-in.o
  CC      drivers/usb/host/ehci-hcd.o
  CC      drivers/usb/host/ehci-zynq.o
  LD      drivers/usb/host/built-in.o
  CC      drivers/usb/ulpi/ulpi.o
  CC      drivers/usb/ulpi/ulpi-viewport.o
  LD      drivers/usb/ulpi/built-in.o
  CC      fs/fs.o
  CC      fs/ext4/ext4fs.o
  CC      fs/ext4/ext4_common.o
  CC      fs/ext4/dev.o
  CC      fs/ext4/ext4_write.o
  CC      fs/ext4/ext4_journal.o
  CC      fs/ext4/crc16.o
  LD      fs/ext4/built-in.o
  CC      fs/fat/fat.o
  CC      fs/fat/file.o
  LD      fs/fat/built-in.o
  LD      fs/built-in.o
  CC      lib/efi_loader/efi_image_loader.o
  CC      lib/efi_loader/efi_boottime.o
  CC      lib/efi_loader/efi_runtime.o
  CC      lib/efi_loader/efi_console.o
  CC      lib/efi_loader/efi_memory.o
  CC      lib/efi_loader/efi_disk.o
  LD      lib/efi_loader/built-in.o
  CC      lib/libfdt/fdt.o
  CC      lib/libfdt/fdt_ro.o
  CC      lib/libfdt/fdt_rw.o
  CC      lib/libfdt/fdt_strerror.o
  CC      lib/libfdt/fdt_sw.o
  CC      lib/libfdt/fdt_wip.o
  CC      lib/libfdt/fdt_empty_tree.o
  CC      lib/libfdt/fdt_addresses.o
  CC      lib/libfdt/fdt_region.o
  LD      lib/libfdt/built-in.o
  CC      lib/rsa/rsa-verify.o
  CC      lib/rsa/rsa-checksum.o
  CC      lib/rsa/rsa-mod-exp.o
  LD      lib/rsa/built-in.o
  CC      lib/zlib/zlib.o
  LD      lib/zlib/built-in.o
  CC      lib/crc7.o
  CC      lib/crc8.o
  CC      lib/crc16.o
  CC      lib/fdtdec_common.o
  CC      lib/gunzip.o
  CC      lib/initcall.o
  CC      lib/lmb.o
  CC      lib/ldiv.o
  CC      lib/md5.o
  CC      lib/net_utils.o
  CC      lib/qsort.o
  CC      lib/rc4.o
  CC      lib/list_sort.o
  CC      lib/sha1.o
  CC      lib/sha256.o
  CC      lib/fdtdec.o
  CC      lib/hashtable.o
  CC      lib/errno.o
  CC      lib/display_options.o
  CC      lib/crc32.o
  CC      lib/ctype.o
  CC      lib/div64.o
  CC      lib/hang.o
  CC      lib/linux_compat.o
  CC      lib/linux_string.o
  CC      lib/membuff.o
  CC      lib/slre.o
  CC      lib/string.o
  CC      lib/time.o
  CC      lib/rand.o
  CC      lib/vsprintf.o
  CC      lib/panic.o
  CC      lib/strto.o
  CC      lib/strmhz.o
  LD      lib/built-in.o
  CC      net/checksum.o
  LD      net/built-in.o
  CC      test/dm/cmd_dm.o
  LD      test/dm/built-in.o
  CC      examples/standalone/hello_world.o
  CC      examples/standalone/stubs.o
  LD      examples/standalone/libstubs.o
  LD      examples/standalone/hello_world
  OBJCOPY examples/standalone/hello_world.srec
  OBJCOPY examples/standalone/hello_world.bin
  LD      u-boot
  OBJCOPY u-boot.srec
  OBJCOPY u-boot-nodtb.bin
  COPY    u-boot.bin
  SYM     u-boot.sym
  CC      spl/arch/arm/mach-zynq/timer.o
  CC      spl/arch/arm/mach-zynq/cpu.o
  CC      spl/arch/arm/mach-zynq/ddrc.o
  CC      spl/arch/arm/mach-zynq/slcr.o
  CC      spl/arch/arm/mach-zynq/clk.o
  CC      spl/arch/arm/mach-zynq/spl.o
  LD      spl/arch/arm/mach-zynq/built-in.o
  CC      spl/arch/arm/cpu/armv7/cache_v7.o
  CC      spl/arch/arm/cpu/armv7/cpu.o
  CC      spl/arch/arm/cpu/armv7/cp15.o
  CC      spl/arch/arm/cpu/armv7/syslib.o
  LD      spl/arch/arm/cpu/armv7/built-in.o
  CC      spl/arch/arm/lib/spl.o
  CC      spl/arch/arm/lib/sections.o
  CC      spl/arch/arm/lib/stack.o
  CC      spl/arch/arm/lib/interrupts.o
  CC      spl/arch/arm/lib/reset.o
  CC      spl/arch/arm/lib/cache.o
  CC      spl/arch/arm/lib/cache-cp15.o
  LD      spl/arch/arm/lib/built-in.o
  CC      spl/arch/arm/lib/div0.o
  AR      spl/arch/arm/lib/lib.a
  CC      spl/arch/arm/lib/eabi_compat.o
  CC      spl/board/xilinx/zynq/board.o
  LD      spl/board/xilinx/zynq/built-in.o
  CC      spl/common/spl/spl.o
  LD      spl/common/spl/built-in.o
  CC      spl/common/init/board_init.o
  LD      spl/common/init/built-in.o
  CC      spl/common/env_common.o
cc1: warning: unknown escape sequence: '\>'
  CC      spl/common/console.o
  CC      spl/common/dlmalloc.o
  CC      spl/common/malloc_simple.o
  CC      spl/common/image.o
  CC      spl/common/image-fdt.o
  CC      spl/common/memsize.o
  CC      spl/common/stdio.o
  CC      spl/common/cli_simple.o
  CC      spl/common/cli.o
  CC      spl/common/cli_readline.o
  CC      spl/common/dfu.o
  CC      spl/common/command.o
  CC      spl/common/s_record.o
  CC      spl/common/xyzModem.o
  LD      spl/common/built-in.o
  CC      spl/cmd/nvedit.o
  CC      spl/cmd/disk.o
  LD      spl/cmd/built-in.o
  CC      spl/drivers/core/device.o
  CC      spl/drivers/core/lists.o
  CC      spl/drivers/core/root.o
  CC      spl/drivers/core/uclass.o
  CC      spl/drivers/core/util.o
  CC      spl/drivers/core/simple-bus.o
  CC      spl/drivers/core/dump.o
  LD      spl/drivers/core/built-in.o
  CC      spl/drivers/mtd/spi/sf-uclass.o
  CC      spl/drivers/mtd/spi/spi_spl_load.o
  CC      spl/drivers/mtd/spi/sf_probe.o
  CC      spl/drivers/mtd/spi/spi_flash.o
  CC      spl/drivers/mtd/spi/sf_params.o
  CC      spl/drivers/mtd/spi/sf.o
  LD      spl/drivers/mtd/spi/built-in.o
  CC      spl/drivers/serial/serial-uclass.o
  CC      spl/drivers/serial/arm_dcc.o
  CC      spl/drivers/serial/serial_zynq.o
  LD      spl/drivers/serial/built-in.o
  CC      spl/drivers/spi/spi-uclass.o
  CC      spl/drivers/spi/zynq_qspi.o
  LD      spl/drivers/spi/built-in.o
  LD      spl/drivers/built-in.o
  CC      spl/drivers/fpga/fpga.o
  CC      spl/drivers/fpga/zynqpl.o
  CC      spl/drivers/fpga/xilinx.o
  LD      spl/drivers/fpga/built-in.o
  CC      spl/lib/libfdt/fdt.o
  CC      spl/lib/libfdt/fdt_ro.o
  CC      spl/lib/libfdt/fdt_rw.o
  CC      spl/lib/libfdt/fdt_strerror.o
  CC      spl/lib/libfdt/fdt_sw.o
  CC      spl/lib/libfdt/fdt_wip.o
  CC      spl/lib/libfdt/fdt_empty_tree.o
  CC      spl/lib/libfdt/fdt_addresses.o
  CC      spl/lib/libfdt/fdt_region.o
  LD      spl/lib/libfdt/built-in.o
  CC      spl/lib/fdtdec_common.o
  CC      spl/lib/fdtdec.o
  CC      spl/lib/hashtable.o
  CC      spl/lib/errno.o
  CC      spl/lib/display_options.o
  CC      spl/lib/crc32.o
  CC      spl/lib/ctype.o
  CC      spl/lib/div64.o
  CC      spl/lib/hang.o
  CC      spl/lib/linux_compat.o
  CC      spl/lib/linux_string.o
  CC      spl/lib/membuff.o
  CC      spl/lib/slre.o
  CC      spl/lib/string.o
  CC      spl/lib/time.o
  CC      spl/lib/rand.o
  CC      spl/lib/vsprintf.o
  CC      spl/lib/panic.o
  CC      spl/lib/strto.o
  CC      spl/lib/strmhz.o
  LD      spl/lib/built-in.o
  LD      spl/u-boot-spl
  OBJCOPY spl/u-boot-spl-nodtb.bin
  COPY    spl/u-boot-spl.bin
  MKIMAGE spl/boot.bin
  MKIMAGE u-boot.img
make[1]: Leaving directory '/hdl/plutosdr-fw/u-boot-xlnx'
PATH="/hdl/plutosdr-fw/buildroot/output/host/bin:/hdl/plutosdr-fw/buildroot/output/host/sbin:/usr/local/sbin:/usr/local/bin:/usr/sbin/:/usr/bin:/sbin:/bin:/opt/gcc-arm-linux-gnueabi/bin:/opt/rust/bin:/opt/Xilinx/Vitis_HLS/2023.2/bin:/opt/Xilinx/Vivado/2023.2/bin:/opt/Xilinx/Vitis/2023.2/bin:/opt/Xilinx/Vitis/2023.2/gnu/microblaze/lin/bin:/opt/Xilinx/Vitis/2023.2/gnu/microblaze/linux_toolchain/lin64_le/bin:/opt/Xilinx/Vitis/2023.2/gnu/aarch32/lin/gcc-arm-linux-gnueabi/bin:/opt/Xilinx/Vitis/2023.2/gnu/aarch32/lin/gcc-arm-none-eabi/bin:/opt/Xilinx/Vitis/2023.2/gnu/aarch64/lin/aarch64-linux/bin:/opt/Xilinx/Vitis/2023.2/gnu/aarch64/lin/aarch64-none/bin:/opt/Xilinx/Vitis/2023.2/gnu/armr5/lin/gcc-arm-none-eabi/bin:/opt/Xilinx/Vitis/2023.2/tps/lnx64/cmake-3.3.2/bin:/opt/Xilinx/Vitis/2023.2/aietools/bin:/opt/Xilinx/Vitis/2023.2/gnu/riscv/lin/riscv64-unknown-elf/bin:/usr/local/sbin:/usr/local/bin:/usr/sbin:/usr/bin:/sbin:/bin:/opt/oss-cad-suite/bin" make -C linux ARCH=arm CROSS_COMPILE=arm-linux-gnueabihf- zynq_pluto_defconfig
make[1]: Entering directory '/hdl/plutosdr-fw/linux'
#
# No change to .config
#
make[1]: Leaving directory '/hdl/plutosdr-fw/linux'
PATH="/hdl/plutosdr-fw/buildroot/output/host/bin:/hdl/plutosdr-fw/buildroot/output/host/sbin:/usr/local/sbin:/usr/local/bin:/usr/sbin/:/usr/bin:/sbin:/bin:/opt/gcc-arm-linux-gnueabi/bin:/opt/rust/bin:/opt/Xilinx/Vitis_HLS/2023.2/bin:/opt/Xilinx/Vivado/2023.2/bin:/opt/Xilinx/Vitis/2023.2/bin:/opt/Xilinx/Vitis/2023.2/gnu/microblaze/lin/bin:/opt/Xilinx/Vitis/2023.2/gnu/microblaze/linux_toolchain/lin64_le/bin:/opt/Xilinx/Vitis/2023.2/gnu/aarch32/lin/gcc-arm-linux-gnueabi/bin:/opt/Xilinx/Vitis/2023.2/gnu/aarch32/lin/gcc-arm-none-eabi/bin:/opt/Xilinx/Vitis/2023.2/gnu/aarch64/lin/aarch64-linux/bin:/opt/Xilinx/Vitis/2023.2/gnu/aarch64/lin/aarch64-none/bin:/opt/Xilinx/Vitis/2023.2/gnu/armr5/lin/gcc-arm-none-eabi/bin:/opt/Xilinx/Vitis/2023.2/tps/lnx64/cmake-3.3.2/bin:/opt/Xilinx/Vitis/2023.2/aietools/bin:/opt/Xilinx/Vitis/2023.2/gnu/riscv/lin/riscv64-unknown-elf/bin:/usr/local/sbin:/usr/local/bin:/usr/sbin:/usr/bin:/sbin:/bin:/opt/oss-cad-suite/bin" make -C linux -j 12 ARCH=arm CROSS_COMPILE=arm-linux-gnueabihf- zImage UIMAGE_LOADADDR=0x8000
make[1]: Entering directory '/hdl/plutosdr-fw/linux'
  CALL    scripts/checksyscalls.sh
  HOSTCC  certs/extract-cert
/usr/bin/ld: skipping incompatible /hdl/plutosdr-fw/buildroot/output/host/bin/../arm-buildroot-linux-gnueabihf/sysroot/usr/lib/libcrypto.so when searching for -lcrypto
/usr/bin/ld: skipping incompatible /hdl/plutosdr-fw/buildroot/output/host/bin/../arm-buildroot-linux-gnueabihf/sysroot/usr/lib/libcrypto.a when searching for -lcrypto
/usr/bin/ld: skipping incompatible /hdl/plutosdr-fw/buildroot/output/host/bin/../arm-buildroot-linux-gnueabihf/sysroot/usr/lib/libc.so when searching for -lc
/usr/bin/ld: skipping incompatible /hdl/plutosdr-fw/buildroot/output/host/bin/../arm-buildroot-linux-gnueabihf/sysroot/usr/lib/libc.a when searching for -lc
  CERT    certs/x509_certificate_list
  CERT    certs/signing_key.x509
  AS      certs/system_certificates.o
  AR      certs/built-in.a
  AR      built-in.a
  AR      vmlinux.a
  LD      vmlinux.o
  OBJCOPY modules.builtin.modinfo
  GEN     modules.builtin
  GEN     .vmlinux.objs
  MODPOST vmlinux.symvers
  UPD     include/generated/utsversion.h
  CC      init/version-timestamp.o
  LD      .tmp_vmlinux.kallsyms1
  NM      .tmp_vmlinux.kallsyms1.syms
  KSYMS   .tmp_vmlinux.kallsyms1.S
  AS      .tmp_vmlinux.kallsyms1.S
  LD      .tmp_vmlinux.kallsyms2
  NM      .tmp_vmlinux.kallsyms2.syms
  KSYMS   .tmp_vmlinux.kallsyms2.S
  AS      .tmp_vmlinux.kallsyms2.S
  LD      vmlinux
  NM      System.map
  SORTTAB vmlinux
  OBJCOPY arch/arm/boot/Image
  Kernel: arch/arm/boot/Image is ready
  GZIP    arch/arm/boot/compressed/piggy_data
  AS      arch/arm/boot/compressed/piggy.o
  LD      arch/arm/boot/compressed/vmlinux
  OBJCOPY arch/arm/boot/zImage
  Kernel: arch/arm/boot/zImage is ready
make[1]: Leaving directory '/hdl/plutosdr-fw/linux'
cp linux/arch/arm/boot/zImage build/zImage
PATH="/hdl/plutosdr-fw/buildroot/output/host/bin:/hdl/plutosdr-fw/buildroot/output/host/sbin:/usr/local/sbin:/usr/local/bin:/usr/sbin/:/usr/bin:/sbin:/bin:/opt/gcc-arm-linux-gnueabi/bin:/opt/rust/bin:/opt/Xilinx/Vitis_HLS/2023.2/bin:/opt/Xilinx/Vivado/2023.2/bin:/opt/Xilinx/Vitis/2023.2/bin:/opt/Xilinx/Vitis/2023.2/gnu/microblaze/lin/bin:/opt/Xilinx/Vitis/2023.2/gnu/microblaze/linux_toolchain/lin64_le/bin:/opt/Xilinx/Vitis/2023.2/gnu/aarch32/lin/gcc-arm-linux-gnueabi/bin:/opt/Xilinx/Vitis/2023.2/gnu/aarch32/lin/gcc-arm-none-eabi/bin:/opt/Xilinx/Vitis/2023.2/gnu/aarch64/lin/aarch64-linux/bin:/opt/Xilinx/Vitis/2023.2/gnu/aarch64/lin/aarch64-none/bin:/opt/Xilinx/Vitis/2023.2/gnu/armr5/lin/gcc-arm-none-eabi/bin:/opt/Xilinx/Vitis/2023.2/tps/lnx64/cmake-3.3.2/bin:/opt/Xilinx/Vitis/2023.2/aietools/bin:/opt/Xilinx/Vitis/2023.2/gnu/riscv/lin/riscv64-unknown-elf/bin:/usr/local/sbin:/usr/local/bin:/usr/sbin:/usr/bin:/sbin:/bin:/opt/oss-cad-suite/bin" make -C linux ARCH=arm CROSS_COMPILE=arm-linux-gnueabihf- modules_prepare
make[1]: Entering directory '/hdl/plutosdr-fw/linux'
  CALL    scripts/checksyscalls.sh
make[1]: Leaving directory '/hdl/plutosdr-fw/linux'
PATH="/hdl/plutosdr-fw/buildroot/output/host/bin:/hdl/plutosdr-fw/buildroot/output/host/sbin:/usr/local/sbin:/usr/local/bin:/usr/sbin/:/usr/bin:/sbin:/bin:/opt/gcc-arm-linux-gnueabi/bin:/opt/rust/bin:/opt/Xilinx/Vitis_HLS/2023.2/bin:/opt/Xilinx/Vivado/2023.2/bin:/opt/Xilinx/Vitis/2023.2/bin:/opt/Xilinx/Vitis/2023.2/gnu/microblaze/lin/bin:/opt/Xilinx/Vitis/2023.2/gnu/microblaze/linux_toolchain/lin64_le/bin:/opt/Xilinx/Vitis/2023.2/gnu/aarch32/lin/gcc-arm-linux-gnueabi/bin:/opt/Xilinx/Vitis/2023.2/gnu/aarch32/lin/gcc-arm-none-eabi/bin:/opt/Xilinx/Vitis/2023.2/gnu/aarch64/lin/aarch64-linux/bin:/opt/Xilinx/Vitis/2023.2/gnu/aarch64/lin/aarch64-none/bin:/opt/Xilinx/Vitis/2023.2/gnu/armr5/lin/gcc-arm-none-eabi/bin:/opt/Xilinx/Vitis/2023.2/tps/lnx64/cmake-3.3.2/bin:/opt/Xilinx/Vitis/2023.2/aietools/bin:/opt/Xilinx/Vitis/2023.2/gnu/riscv/lin/riscv64-unknown-elf/bin:/usr/local/sbin:/usr/local/bin:/usr/sbin:/usr/bin:/sbin:/bin:/opt/oss-cad-suite/bin" make -C maia-sdr/maia-kmod ARCH=arm CROSS_COMPILE=arm-linux-gnueabihf- KERNEL_SRC=../../linux
make[1]: Entering directory '/hdl/plutosdr-fw/maia-sdr/maia-kmod'
make -C ../../linux ARCH=arm CROSS_COMPILE=arm-linux-gnueabihf- M=/hdl/plutosdr-fw/maia-sdr/maia-kmod modules
make[2]: Entering directory '/hdl/plutosdr-fw/linux'
make[2]: Leaving directory '/hdl/plutosdr-fw/linux'
make[1]: Leaving directory '/hdl/plutosdr-fw/maia-sdr/maia-kmod'
cp maia-sdr/maia-kmod/maia-sdr.ko buildroot/board/pluto/maia-sdr.ko
cd maia-sdr/maia-httpd && \
  OPENBLAS_TARGET=armv7 OPENBLAS_HOSTCC=gcc \
  OPENBLAS_CC=/hdl/plutosdr-fw/buildroot/output/host/bin/arm-linux-gnueabihf-gcc OPENBLAS_FC=/hdl/plutosdr-fw/buildroot/output/host/bin/arm-linux-gnueabihf-gfortran \
          BINDGEN_EXTRA_CLANG_ARGS_armv7_unknown_linux_gnueabihf="--sysroot=/hdl/plutosdr-fw/buildroot/output/host/arm-buildroot-linux-gnueabihf/sysroot" \
          cargo build --release --target armv7-unknown-linux-gnueabihf \
	--config target.armv7-unknown-linux-gnueabihf.linker=\"/hdl/plutosdr-fw/buildroot/output/host/bin/arm-linux-gnueabihf-gcc\"
warning: unstable feature specified for `-Ctarget-feature`: `thumb2`
  |
  = note: this feature is not stably supported; its behavior can change in the future

warning: unstable feature specified for `-Ctarget-feature`: `v5te`
  |
  = note: this feature is not stably supported; its behavior can change in the future

warning: unstable feature specified for `-Ctarget-feature`: `v6`
  |
  = note: this feature is not stably supported; its behavior can change in the future

warning: unstable feature specified for `-Ctarget-feature`: `v6k`
  |
  = note: this feature is not stably supported; its behavior can change in the future

warning: unstable feature specified for `-Ctarget-feature`: `v6t2`
  |
  = note: this feature is not stably supported; its behavior can change in the future

warning: unstable feature specified for `-Ctarget-feature`: `v7`
  |
  = note: this feature is not stably supported; its behavior can change in the future

warning: unstable feature specified for `-Ctarget-feature`: `d32`
  |
  = note: this feature is not stably supported; its behavior can change in the future

warning: unstable feature specified for `-Ctarget-feature`: `neon`
  |
  = note: this feature is not stably supported; its behavior can change in the future

warning: unstable feature specified for `-Ctarget-feature`: `vfp2`
  |
  = note: this feature is not stably supported; its behavior can change in the future

warning: unstable feature specified for `-Ctarget-feature`: `vfp3`
  |
  = note: this feature is not stably supported; its behavior can change in the future

warning: `maia-pac` (lib) generated 10 warnings
warning: `maia-json` (lib) generated 10 warnings (10 duplicates)
   Compiling maia-httpd v0.6.0 (/hdl/plutosdr-fw/maia-sdr/maia-httpd)
warning: `maia-httpd` (lib) generated 10 warnings (10 duplicates)
warning: `maia-httpd` (bin "maia-httpd") generated 10 warnings (10 duplicates)
    Finished `release` profile [optimized] target(s) in 49.21s
cp maia-sdr/maia-httpd/target/armv7-unknown-linux-gnueabihf/release/maia-httpd buildroot/board/pluto/maia-httpd
cd maia-sdr/maia-wasm && wasm-pack build --target web
[INFO]: Checking for the Wasm target...
[INFO]: Compiling to Wasm...
   Compiling maia-wasm v0.7.0 (/hdl/plutosdr-fw/maia-sdr/maia-wasm)
    Finished `release` profile [optimized] target(s) in 5.23s
[INFO]: Installing wasm-bindgen...
[INFO]: Optimizing wasm binaries with `wasm-opt`...
[INFO]: :-) Done in 11.45s
[INFO]: :-) Your wasm pkg is ready to publish at /hdl/plutosdr-fw/maia-sdr/maia-wasm/pkg.
cp -r maia-sdr/maia-wasm/pkg buildroot/board/pluto/maia-wasm/
cd IQEngine/client && npm ci && npm run build
npm warn deprecated mumath@3.3.4: Redundant dependency in your project.

added 1139 packages in 32s

233 packages are looking for funding
  run `npm fund` for details

> iqengine@0.1.0 build
> vite build

[33mThe CJS build of Vite's Node API is deprecated. See https://vite.dev/guide/troubleshooting.html#vite-cjs-node-api-deprecated for more details.[39m
vite v5.4.11 building for production...
transforming...
Browserslist: caniuse-lite is outdated. Please run:
  npx update-browserslist-db@latest
  Why you should do it regularly: https://github.com/browserslist/update-db#readme

🌼   daisyUI 4.12.10
├─ ✔︎ 1 theme added		https://daisyui.com/docs/themes
╰─ ★ Star daisyUI on GitHub	https://github.com/saadeghi/daisyui


🌼   daisyUI 4.12.10
├─ ✔︎ 1 theme added		https://daisyui.com/docs/themes
╰─ ★ Star daisyUI on GitHub	https://github.com/saadeghi/daisyui

✓ 4181 modules transformed.
rendering chunks...
computing gzip size...
build/index.html                                        2.12 kB │ gzip:     1.00 kB
build/assets/browser-lDzrbhio.css                      14.94 kB │ gzip:     6.37 kB
build/assets/app-ChysXxr_.css                         115.66 kB │ gzip:    18.08 kB
build/assets/index-PnoRVZZ3.css                       150.51 kB │ gzip:    23.67 kB
build/assets/use-get-datasources-RS7_vlr4.js            0.70 kB │ gzip:     0.42 kB
build/assets/Modal-C0J-xerA.js                          1.01 kB │ gzip:     0.59 kB
build/assets/users-ohj0Hp2d.js                          1.44 kB │ gzip:     0.71 kB
build/assets/rpm-CTu-6PCP.js                            1.62 kB │ gzip:     0.83 kB
build/assets/configuration-C3G5lcTl.js                  1.73 kB │ gzip:     0.79 kB
build/assets/admin-BFIORpKE.js                          1.86 kB │ gzip:     0.71 kB
build/assets/validator-NpanE2oq.js                      1.95 kB │ gzip:     0.93 kB
build/assets/upload-page-CUm63He3.js                    2.05 kB │ gzip:     1.02 kB
build/assets/ArrowTopRightOnSquareIcon-DB-D8WxK.js      2.96 kB │ gzip:     1.14 kB
build/assets/asn1-CGOzndHr.js                           3.99 kB │ gzip:     1.96 kB
build/assets/ttcn-cfg-BIkV9KBc.js                       4.12 kB │ gzip:     1.74 kB
build/assets/mllike-C_8OmSiT.js                         4.83 kB │ gzip:     1.56 kB
build/assets/index.modern-BN8JPEN0.js                   5.75 kB │ gzip:     2.20 kB
build/assets/converter-RKhuNEdE.js                      6.00 kB │ gzip:     1.62 kB
build/assets/queries-BU_GtwkC.js                        6.45 kB │ gzip:     2.09 kB
build/assets/data-sources-5W5PkBdi.js                   6.47 kB │ gzip:     1.98 kB
build/assets/python-BuPzkPfP.js                         6.48 kB │ gzip:     2.73 kB
build/assets/plugins-CqN9FupI.js                        6.69 kB │ gzip:     2.10 kB
build/assets/clojure-BMjYHr_A.js                       10.82 kB │ gzip:     3.99 kB
build/assets/sigmf-BiyeKZHk.js                         10.85 kB │ gzip:     3.60 kB
build/assets/index-D4vMWVct.js                         11.07 kB │ gzip:     4.46 kB
build/assets/signal-generator-Cod0QVP3.js              12.65 kB │ gzip:     4.45 kB
build/assets/javascript-iSgyE4tI.js                    17.09 kB │ gzip:     5.76 kB
build/assets/landing-page-CTVZTBJG.js                  20.37 kB │ gzip:     6.31 kB
build/assets/css-BnMrqG3P.js                           27.13 kB │ gzip:     8.47 kB
build/assets/app-Ce95sYh0.js                           27.60 kB │ gzip:    10.26 kB
build/assets/colormap-DT_zUwPd.js                      29.87 kB │ gzip:     8.47 kB
build/assets/sql-C4g8LzGK.js                           37.07 kB │ gzip:    10.95 kB
build/assets/AzureBlob-CwG4JK-c.js                     42.61 kB │ gzip:    12.05 kB
build/assets/docs-pages-BAvGP1Ik.js                    50.85 kB │ gzip:    14.17 kB
build/assets/recording-view-DJ3hLs1U.js               136.84 kB │ gzip:    39.92 kB
build/assets/validators-B0vlnGFm.js                   142.57 kB │ gzip:    44.58 kB
build/assets/browser-Dgo6emnf.js                      277.85 kB │ gzip:    85.92 kB
build/assets/Clients-IZQe2EzN.js                      331.68 kB │ gzip:    58.18 kB
build/assets/index-CDuB7p6w.js                        464.94 kB │ gzip:   154.02 kB
build/assets/index-BLdgdHHB.js                      1,390.67 kB │ gzip:   486.63 kB
build/assets/index-Bbrk3_9z.js                      1,752.86 kB │ gzip:   507.15 kB
build/assets/createSvgIcon-CJSfmbHE.js              5,310.41 kB │ gzip: 1,598.00 kB

(!) Some chunks are larger than 500 kB after minification. Consider:
- Using dynamic import() to code-split the application
- Use build.rollupOptions.output.manualChunks to improve chunking: https://rollupjs.org/configuration-options/#output-manualchunks
- Adjust chunk size limit for this warning via build.chunkSizeWarningLimit.
✓ built in 28.02s
rm -rf buildroot/board/pluto/iqengine
mkdir buildroot/board/pluto/iqengine
cp IQEngine/client/build/index.html buildroot/board/pluto/iqengine/
lz4 -m --best --rm IQEngine/client/build/assets/*
cp IQEngine/client/build/assets/* buildroot/board/pluto/iqengine/
rm -rf buildroot/board/pluto/iqengine-public
mkdir buildroot/board/pluto/iqengine-public
cp IQEngine/client/public/discord.svg buildroot/board/pluto/iqengine-public/
cp IQEngine/client/public/github.svg buildroot/board/pluto/iqengine-public/
cp IQEngine/client/public/LinkedIn_icon.svg buildroot/board/pluto/iqengine-public/
make -C buildroot ARCH=arm zynq_pluto_defconfig
make[1]: Entering directory '/hdl/plutosdr-fw/buildroot'
#
# configuration written to /hdl/plutosdr-fw/buildroot/.config
#
make[1]: Leaving directory '/hdl/plutosdr-fw/buildroot'
make -C buildroot legal-info
make[1]: Entering directory '/hdl/plutosdr-fw/buildroot'
[7m>>>   Buildroot -g64de34ad2e Collecting legal info[27m
COPYING: OK (sha256: 9755181e27175cb3510b4da8629caa406fb355a19aa8e7d55f06bf8ab33323c4)
/usr/bin/make -j1 O=/hdl/plutosdr-fw/buildroot/output HOSTCC="/usr/bin/gcc" HOSTCXX="/usr/bin/g++" syncconfig
make[2]: Entering directory '/hdl/plutosdr-fw/buildroot'
make[2]: Leaving directory '/hdl/plutosdr-fw/buildroot'
[7m>>> toolchain-external  Collecting legal info[27m
[7m>>> host-skeleton  Collecting legal info[27m
[7m>>> skeleton  Collecting legal info[27m
[7m>>> skeleton-init-sysv  Collecting legal info[27m
[7m>>> skeleton-init-common  Collecting legal info[27m
[7m>>> toolchain-external-linaro-arm 2018.05 Collecting legal info[27m
[7m>>> toolchain  Collecting legal info[27m
[7m>>> ad936x_ref_cal 0.1 Collecting legal info[27m
LICENSE: OK (sha256: 8177f97513213526df2cf6184d8ff986c675afb514d4e68a404010521b880643)
[7m>>> fftw-double 3.3.10 Collecting legal info[27m
COPYING: OK (sha256: 231f7edcc7352d7734a96eef0b8030f77982678c516876fcb81e25b32d68564c)
[7m>>> libiio 0.26 Collecting legal info[27m
COPYING.txt: OK (sha256: 102900208eef27b766380135906d431dba87edaa7ec6aa72e6ebd3dd67f3a97b)
[7m>>> avahi 0.8 Collecting legal info[27m
LICENSE: OK (sha256: a9bdde5616ecdd1e980b44f360600ee8783b1f99b8cc83a2beb163a0a390e861)
[7m>>> dbus 1.12.28 Collecting legal info[27m
COPYING: OK (sha256: 0e46f54efb12d04ab5c33713bacd0e140c9a35b57ae29e03c853203266e8f3a1)
[7m>>> expat 2.5.0 Collecting legal info[27m
COPYING: OK (sha256: 122f2c27000472a201d337b9b31f7eb2b52d091b02857061a8880371612d9534)
[7m>>> host-pkgconf 1.6.3 Collecting legal info[27m
COPYING: OK (sha256: 07ee94b50a41ee3fc4e13a9b9c60b26fc28488494c465639f7e5f07a3952ec04)
[7m>>> libdaemon 0.14 Collecting legal info[27m
LICENSE: OK (sha256: a9bdde5616ecdd1e980b44f360600ee8783b1f99b8cc83a2beb163a0a390e861)
[7m>>> host-bison 3.8.2 Collecting legal info[27m
COPYING: OK (sha256: 3972dc9744f6499f0f9b2dbf76696f2ae7ad8af9b23dde66d6af86c9dfb36986)
[7m>>> host-m4 1.4.19 Collecting legal info[27m
COPYING: OK (sha256: 3972dc9744f6499f0f9b2dbf76696f2ae7ad8af9b23dde66d6af86c9dfb36986)
[7m>>> host-flex 2.6.4 Collecting legal info[27m
COPYING: OK (sha256: 97fd685958d93be7f8dab939bb8161dbd6afb0718c63bfc337c24321aea44273)
[7m>>> host-autoconf 2.71 Collecting legal info[27m
COPYINGv3: OK (sha256: 3972dc9744f6499f0f9b2dbf76696f2ae7ad8af9b23dde66d6af86c9dfb36986)
COPYING.EXCEPTION: OK (sha256: 1f1cde9fb68b9b3cff18c420894bec5bd4defacd700b7d13df54a887301e5350)
[7m>>> host-libtool 2.4.6 Collecting legal info[27m
COPYING: OK (sha256: 8177f97513213526df2cf6184d8ff986c675afb514d4e68a404010521b880643)
libltdl/COPYING.LIB: OK (sha256: dc626520dcd53a22f727af3ee42c770e56c97a64fe3adb063799d8ab032fe551)
[7m>>> host-automake 1.16.5 Collecting legal info[27m
COPYING: OK (sha256: ab15fd526bd8dd18a9e77ebc139656bf4d33e97fc7238cd11bf60e2b9b8666c6)
[7m>>> host-gettext  Collecting legal info[27m
[7m>>> host-gettext-tiny 0.3.2 Collecting legal info[27m
LICENSE: OK (sha256: 4c938aa3d8fa3c184bba5e87a8a2febc89560627c9d0567536879e3eca1a7b4f)
extra/COPYING: OK (sha256: e79e9c8a0c85d735ff98185918ec94ed7d175efc377012787aebcf3b80f0d90b)
[7m>>> libaio 0.3.113 Collecting legal info[27m
COPYING: OK (sha256: 5bbcbb737e60fe9deba08ecbd00920cfcc3403ba2e534c64fdeea49d6bb87509)
[7m>>> libserialport 0.1.1 Collecting legal info[27m
COPYING: OK (sha256: da7eabb7bafdf7d3ae5e9f223aa5bdc1eece45ac569dc21b3b037520b4464768)
[7m>>> libusb 1.0.26 Collecting legal info[27m
COPYING: OK (sha256: 5df07007198989c622f5d41de8d703e7bef3d0e79d62e24332ee739a452af62a)
[7m>>> libxml2 2.10.4 Collecting legal info[27m
Copyright: OK (sha256: c5c63674f8a83c4d2e385d96d1c670a03cb871ba2927755467017317878574bd)
[7m>>> zlib  Collecting legal info[27m
[7m>>> libzlib 1.2.13 Collecting legal info[27m
LICENSE: OK (sha256: 845efc77857d485d91fb3e0b884aaa929368c717ae8186b66fe1ed2495753243)
[7m>>> busybox 1.36.1 Collecting legal info[27m
LICENSE: OK (sha256: bbfc9843646d483c334664f651c208b9839626891d8f17604db2146962f43548)
archival/libarchive/bz/LICENSE: OK (sha256: b5a136ed67798e51fe2e0ca0b2a21cb01b904ff0c9f7d563a6292e276607e58f)
[7m>>> mtd 2.1.5 Collecting legal info[27m
COPYING: OK (sha256: dcc100d4161cc0b7177545ab6e47216f84857cda3843847c792a25289852dcaa)
[7m>>> host-dosfstools 4.2 Collecting legal info[27m
COPYING: OK (sha256: 8ceb4b9ee5adedde47b31e975c1d90c73ad27b6b165a1dcd80c7c545eb65b903)
[7m>>> dropbear 2022.83 Collecting legal info[27m
LICENSE: OK (sha256: a99ce657d790b761c132ee7e0de18edb437ae6361e536d991c6a12f36e770445)
libtommath/LICENSE: OK (sha256: 2fa64b163659f41965c9815882a8296d3d03ff546b76153e11445f9bdecf955a)
libtomcrypt/LICENSE: OK (sha256: 8f196cb13afd271f5e267fd29543fc454596382ad580e7592709492843996ac8)
[7m>>> host-genimage 16 Collecting legal info[27m
COPYING: OK (sha256: 8177f97513213526df2cf6184d8ff986c675afb514d4e68a404010521b880643)
[7m>>> host-libconfuse 3.3 Collecting legal info[27m
LICENSE: OK (sha256: dc3ff4b62f851dd2e94a151061ffeb7d28ddfc880a442068dc5283dbaa927306)
[7m>>> ifupdown-scripts  Collecting legal info[27m
[7m>>> initscripts  Collecting legal info[27m
[7m>>> input-event-daemon 0.1.3 Collecting legal info[27m
README: OK (sha256: 56f6614c63a023e4d486332968bfa7933f06ea7c785ef85f403448022ae7f912)
[7m>>> iw 5.19 Collecting legal info[27m
COPYING: OK (sha256: 5932fb70481e128940168a5fdf133e6454293c0865c7e757874b235cb6daa2af)
[7m>>> libnl 3.7.0 Collecting legal info[27m
COPYING: OK (sha256: dc626520dcd53a22f727af3ee42c770e56c97a64fe3adb063799d8ab032fe551)
[7m>>> libad9361-iio 0.3 Collecting legal info[27m
ERROR: No hash found for LICENSE
[7m>>> libgpiod 1.6.3 Collecting legal info[27m
COPYING: OK (sha256: ce64d5f7b49ea6d80fdb6d4cdee6839d1a94274f7493dc797c3b55b65ec8e9ed)
[7m>>> host-autoconf-archive 2022.09.03 Collecting legal info[27m
COPYING: OK (sha256: e6037104443f9a7829b2aa7c5370d0789a7bda3ca65a0b904cdc0c2e285d9195)
COPYING.EXCEPTION: OK (sha256: 23ed0b84fa023bfa33433b498192cd08a3bfb1f4864a8ed791a84f3eb48b2dd2)
[7m>>> libini a467418 Collecting legal info[27m
WARNING: no hash file for LICENSE.txt
[7m>>> libopenssl 1.1.1v Collecting legal info[27m
LICENSE: OK (sha256: c32913b33252e71190af2066f08115c69bc9fddadf3bf29296e20c835389841c)
[7m>>> linux-firmware 20221214 Collecting legal info[27m
LICENCE.ralink-firmware.txt: OK (sha256: d7bec70668ddd4aae8fb4aa32870e54b49fcdb0b9b007aa9f54b53a1ac7461bd)
LICENCE.rtlwifi_firmware.txt: OK (sha256: a61351665b4f264f6c631364f85b907d8f8f41f8b369533ef4021765f9f3b62e)
WHENCE: OK (sha256: 744babd4eae138ccfb5bd343b1589912b9839274f8a794af0b6c9b451df73579)
[7m>>> host-mkpasswd  Collecting legal info[27m
[7m>>> host-mtools 4.0.38 Collecting legal info[27m
COPYING: OK (sha256: 8ceb4b9ee5adedde47b31e975c1d90c73ad27b6b165a1dcd80c7c545eb65b903)
[7m>>> host-lzip 1.23 Collecting legal info[27m
COPYING: OK (sha256: 3d77c1a58fbde5ddba612d1fe09965e20a3804953eca12e8c1892298bb8a5eef)
[7m>>> openssl  Collecting legal info[27m
[7m>>> host-patchelf 0.13 Collecting legal info[27m
COPYING: OK (sha256: 8ceb4b9ee5adedde47b31e975c1d90c73ad27b6b165a1dcd80c7c545eb65b903)
[7m>>> poll_sysfs  Collecting legal info[27m
[7m>>> uboot-tools 2021.07 Collecting legal info[27m
Licenses/gpl-2.0.txt: OK (sha256: 8177f97513213526df2cf6184d8ff986c675afb514d4e68a404010521b880643)
[7m>>> host-uboot-tools 2021.07 Collecting legal info[27m
Licenses/gpl-2.0.txt: OK (sha256: 8177f97513213526df2cf6184d8ff986c675afb514d4e68a404010521b880643)
[7m>>> urandom-scripts  Collecting legal info[27m
[7m>>> wpa_supplicant 2.10 Collecting legal info[27m
README: OK (sha256: af01e1d1ee065a1054d20ebe8a78a016f1fb1133b73e6a9d50801b165bb280c7)
[7m>>> zstd 1.5.2 Collecting legal info[27m
LICENSE: OK (sha256: 2c1a7fa704df8f3a606f6fc010b8b5aaebf403f3aeec339a12048f1ba7331a0b)
COPYING: OK (sha256: f9c375a1be4a41f7b70301dd83c91cb89e41567478859b77eef375a52d782505)
[7m>>> host-acl 2.3.1 Collecting legal info[27m
doc/COPYING: OK (sha256: a45a845012742796534f7e91fe623262ccfb99460a2bd04015bd28d66fba95b8)
doc/COPYING.LGPL: OK (sha256: 01b1f9f2c8ee648a7a596a1abe8aa4ed7899b1c9e5551bda06da6e422b04aa55)
[7m>>> host-attr 2.5.1 Collecting legal info[27m
doc/COPYING: OK (sha256: 98f318493be6b08bff3cd295791cde06c54e17882a3c74a1ed245eaa02533d52)
doc/COPYING.LGPL: OK (sha256: 5decad7e58d90d44335bf2f45ce27563bd911065c6a1a02dfa7647c4efee75c8)
[7m>>> host-fakeroot 1.30.1 Collecting legal info[27m
COPYING: OK (sha256: fc82ca8b6fdb18d4e3e85cfd8ab58d1bcd3f1b29abe782895abd91d64763f8e7)
[7m>>> host-makedevs  Collecting legal info[27m
WARNING: the Buildroot source code has not been saved
WARNING: toolchain-external-linaro-arm-2018.05: cannot save license (TOOLCHAIN_EXTERNAL_LINARO_ARM_LICENSE_FILES not defined)
Legal info produced in /hdl/plutosdr-fw/buildroot/output/legal-info
make[1]: Leaving directory '/hdl/plutosdr-fw/buildroot'
scripts/legal_info_html.sh "PlutoSDR" "/hdl/plutosdr-fw/buildroot/board/pluto/VERSIONS"
